Flow report for mjl_stratix
Fri May 28 14:16:31 2010
Quartus II Version 9.1 Build 222 10/21/2009 SJ Full Version


---------------------
; Table of Contents ;
---------------------
  1. Legal Notice
  2. Flow Summary
  3. Flow Settings
  4. Flow Non-Default Global Settings
  5. Flow Elapsed Time
  6. Flow OS Summary
  7. Flow Log



----------------
; Legal Notice ;
----------------
Copyright (C) 1991-2009 Altera Corporation
Your use of Altera Corporation's design tools, logic functions 
and other software and tools, and its AMPP partner logic 
functions, and any output files from any of the foregoing 
(including device programming or simulation files), and any 
associated documentation or information are expressly subject 
to the terms and conditions of the Altera Program License 
Subscription Agreement, Altera MegaCore Function License 
Agreement, or other applicable license agreement, including, 
without limitation, that your use is for the sole purpose of 
programming logic devices manufactured by Altera and sold by 
Altera or its authorized distributors.  Please refer to the 
applicable agreement for further details.



+---------------------------------------------------------------------+
; Flow Summary                                                        ;
+--------------------------+------------------------------------------+
; Flow Status              ; Flow Failed - Fri May 28 14:16:30 2010   ;
; Quartus II Version       ; 9.1 Build 222 10/21/2009 SJ Full Version ;
; Revision Name            ; mjl_stratix                              ;
; Top-level Entity Name    ; calc_top                                 ;
; Family                   ; Stratix                                  ;
; Device                   ; EP1S25F672C6                             ;
; Timing Models            ; Final                                    ;
; Met timing requirements  ; N/A                                      ;
; Total logic elements     ; N/A until Partition Merge                ;
; Total pins               ; N/A until Partition Merge                ;
; Total virtual pins       ; N/A until Partition Merge                ;
; Total memory bits        ; N/A until Partition Merge                ;
; DSP block 9-bit elements ; N/A until Partition Merge                ;
; Total PLLs               ; N/A until Partition Merge                ;
; Total DLLs               ; N/A until Partition Merge                ;
+--------------------------+------------------------------------------+


+-----------------------------------------+
; Flow Settings                           ;
+-------------------+---------------------+
; Option            ; Setting             ;
+-------------------+---------------------+
; Start date & time ; 05/28/2010 14:16:28 ;
; Main task         ; Compilation         ;
; Revision Name     ; mjl_stratix         ;
+-------------------+---------------------+


+-----------------------------------------------------------------------------------------------------------------+
; Flow Non-Default Global Settings                                                                                ;
+------------------------------------+-----------------------------+---------------+-------------+----------------+
; Assignment Name                    ; Value                       ; Default Value ; Entity Name ; Section Id     ;
+------------------------------------+-----------------------------+---------------+-------------+----------------+
; COMPILER_SIGNATURE_ID              ; 91815334047.127504898710897 ; --            ; --          ; --             ;
; EDA_OUTPUT_DATA_FORMAT             ; Vhdl                        ; --            ; --          ; eda_simulation ;
; EDA_SIMULATION_TOOL                ; ModelSim (VHDL)             ; <None>        ; --          ; --             ;
; MISC_FILE                          ; mjl_stratix.dpf             ; --            ; --          ; --             ;
; PARTITION_COLOR                    ; 16764057                    ; --            ; calc_top    ; Top            ;
; PARTITION_NETLIST_TYPE             ; SOURCE                      ; --            ; calc_top    ; Top            ;
; TOP_LEVEL_ENTITY                   ; calc_top                    ; mjl_stratix   ; --          ; --             ;
; USE_GENERATED_PHYSICAL_CONSTRAINTS ; Off                         ; --            ; --          ; eda_blast_fpga ;
+------------------------------------+-----------------------------+---------------+-------------+----------------+


+--------------------------------------------------------------------------------------------------------------------------+
; Flow Elapsed Time                                                                                                        ;
+----------------------+--------------+-------------------------+---------------------+------------------------------------+
; Module Name          ; Elapsed Time ; Average Processors Used ; Peak Virtual Memory ; Total CPU Time (on all processors) ;
+----------------------+--------------+-------------------------+---------------------+------------------------------------+
; Analysis & Synthesis ; 00:00:03     ; 1.0                     ; --                  ; 00:00:03                           ;
; Total                ; 00:00:03     ; --                      ; --                  ; 00:00:03                           ;
+----------------------+--------------+-------------------------+---------------------+------------------------------------+


+---------------------------------------------------------------------------------+
; Flow OS Summary                                                                 ;
+----------------------+------------------+---------+------------+----------------+
; Module Name          ; Machine Hostname ; OS Name ; OS Version ; Processor type ;
+----------------------+------------------+---------+------------+----------------+
; Analysis & Synthesis ; ti5              ; Red Hat ; 5          ; x86_64         ;
+----------------------+------------------+---------+------------+----------------+


------------
; Flow Log ;
------------
quartus_map --read_settings_files=on --write_settings_files=off mjl_stratix -c mjl_stratix



